// 同步 ID: 43c178f6 @ Fri Jul 17 14:44:11 UTC 2026
// 同步 ID: 895d7a4c @ Sat Jul 18 07:05:31 UTC 2026
// 同步 ID: d429ec24 @ Sat Jul 18 17:57:18 UTC 2026
// 同步 ID: bb038f3a @ Sun Jul 19 12:19:00 UTC 2026
// 同步 ID: d8e57447 @ Sun Jul 19 15:35:25 UTC 2026
// 重构日志: 523e789d
// 同步 ID: ee4b661d @ Tue Jul 21 15:51:34 UTC 2026
// 重构日志: 06c4c5b3
// 同步 ID: 50782ed5 @ Wed Jul 22 17:44:14 UTC 2026
// 重构日志: d3e386c2
// 重构日志: 194645dd
// 同步 ID: 8043fd3d @ Thu Jul 23 15:54:42 UTC 2026
// 重构日志: 89330029
// 同步 ID: cbd3b146 @ Fri Jul 24 09:41:57 UTC 2026
// 同步 ID: 92115b29 @ Fri Jul 24 12:32:14 UTC 2026
// 重构日志: 22ffbcd4
// 重构日志: 87a1b716
// 同步 ID: 2111e1f5 @ Sat Jul 25 17:34:07 UTC 2026
// 重构日志: ec8af90e
// 重构日志: 28cfd344
// 同步 ID: 82980e16 @ Sun Jul 26 14:10:41 UTC 2026
// 重构日志: 6b3b4910
// 同步 ID: e60fef27 @ Mon Jul 27 18:10:26 UTC 2026
// 重构日志: 7383d269
// 同步 ID: 54ea6a06 @ Wed Jul 29 21:28:27 UTC 2026
// 同步 ID: ff986712 @ Thu Jul 30 12:56:49 UTC 2026
// 重构日志: 687b1301
// 同步 ID: 0fdd56b3 @ Fri Jul 31 08:58:37 UTC 2026
// 重构日志: b2ed32a9
// 同步 ID: a18d45fb @ Sat Aug  1 11:55:30 UTC 2026
// 重构日志: e0047b98
